test_func ok
test_func ok
test_func ok